// Jest Snapshot v1, https://goo.gl/fbAQLP

exports[`backgroundColor: {
  "backgroundColor": "red"
} 1`] = `
Array [
  Object {
    "backgroundColor": "red",
  },
]
`;

exports[`backgroundColor: {
  "bgc": "bg"
} 1`] = `
Array [
  Object {
    "backgroundColor": "#FFF",
  },
]
`;

exports[`borderColor: {
  "bc": "blue"
} 1`] = `
Array [
  Object {
    "borderColor": "blue",
  },
]
`;

exports[`borderColor: {
  "borderColor": "gray.1"
} 1`] = `
Array [
  Object {
    "borderColor": "#AAA",
  },
]
`;

exports[`color: {
  "backgroundColor": "red",
  "borderColor": "lime",
  "color": "blue"
} 1`] = `
Array [
  Object {
    "backgroundColor": "red",
  },
  Object {
    "borderColor": "lime",
  },
  Object {
    "color": "blue",
  },
]
`;

exports[`color: {
  "bgc": "red",
  "bc": "lime",
  "tc": "blue"
} 1`] = `
Array [
  Object {
    "backgroundColor": "red",
  },
  Object {
    "borderColor": "lime",
  },
  Object {
    "color": "blue",
  },
]
`;

exports[`textColor: {
  "color": "rgba(255,0,0,0.5)"
} 1`] = `
Array [
  Object {
    "color": "rgba(255,0,0,0.5)",
  },
]
`;

exports[`textColor: {
  "tc": "text"
} 1`] = `
Array [
  Object {
    "color": "#222",
  },
]
`;
