// Jest Snapshot v1, https://goo.gl/fbAQLP

exports[`overrides base options: {
  "a": "A"
} 1`] = `null`;

exports[`overrides base options: {
  "b": "B"
} 1`] = `null`;

exports[`overrides base options: {
  "c": "C"
} 1`] = `
Array [
  Object {
    "x": "C",
    "y": "C",
  },
]
`;

exports[`overrides base options: {
  "d": "D"
} 1`] = `
Array [
  Object {
    "x": "D",
    "y": "D",
  },
]
`;

exports[`returns style object array: {
  "a": "foo"
} 1`] = `
Array [
  Object {
    "a": "foo",
  },
]
`;

exports[`returns style object array: {
  "b": "bar"
} 1`] = `
Array [
  Object {
    "a": "bar",
  },
]
`;
