// Jest Snapshot v1, https://goo.gl/fbAQLP

exports[`returns style object array: {"a":"bar"} 1`] = `
Array [
  Object {
    "x": "bar",
    "y": "bar",
    "z": "bar",
  },
]
`;

exports[`returns style object array: {"a":"foo"} 1`] = `
Array [
  Object {
    "x": "foo",
    "y": "foo",
    "z": "foo",
  },
]
`;

exports[`styleKeys default to first propsKeys: {"a":"foo"} 1`] = `
Array [
  Object {
    "a": "foo",
  },
]
`;

exports[`styleKeys default to first propsKeys: {"b":"bar"} 1`] = `
Array [
  Object {
    "a": "bar",
  },
]
`;

exports[`supports fallbacks: [baseline] {"a":1} 1`] = `
Array [
  Object {
    "x": 1,
    "y": 1,
    "z": 1,
  },
]
`;

exports[`supports fallbacks: [baseline] {"a":2} 1`] = `
Array [
  Object {
    "x": 2,
    "y": 2,
    "z": 2,
  },
]
`;

exports[`supports fallbacks: [fallback] {"a":1} 1`] = `
Array [
  Object {
    "x": 4,
    "y": 4,
    "z": 4,
  },
]
`;

exports[`supports fallbacks: [fallback] {"a":2} 1`] = `
Array [
  Object {
    "x": 8,
    "y": 8,
    "z": 8,
  },
]
`;

exports[`supports nested fallbacks: {"a":"j.k"} 1`] = `
Array [
  Object {
    "x": "j.k",
    "y": "j.k",
    "z": "j.k",
  },
]
`;

exports[`supports nested fallbacks: {"a":"k.l.m"} 1`] = `
Array [
  Object {
    "x": 0,
    "y": 0,
    "z": 0,
  },
]
`;

exports[`supports nested fallbacks: {"a":"k.l.n"} 1`] = `
Array [
  Object {
    "x": "foo",
    "y": "foo",
    "z": "foo",
  },
]
`;

exports[`supports nested fallbacks: {"a":"k.l.o.1"} 1`] = `
Array [
  Object {
    "x": 22,
    "y": 22,
    "z": 22,
  },
]
`;

exports[`supports nested fallbacks: {"a":"k.l.z"} 1`] = `
Array [
  Object {
    "x": "k.l.z",
    "y": "k.l.z",
    "z": "k.l.z",
  },
]
`;

exports[`supports nested props: {"a":{"b":{"c":{"d":4}}}} 1`] = `
Array [
  Object {
    "x": Object {
      "d": 4,
    },
    "y": Object {
      "d": 4,
    },
    "z": Object {
      "d": 4,
    },
  },
]
`;

exports[`supports nested props: {"a":{"b":{"c":3}}} 1`] = `
Array [
  Object {
    "x": 3,
    "y": 3,
    "z": 3,
  },
]
`;

exports[`supports nested props: {"a":{"b":2}} 1`] = `null`;

exports[`supports prop aliases: {"a":1,"b":2,"c":3,"d":4} 1`] = `
Array [
  Object {
    "x": 1,
    "y": 1,
    "z": 1,
  },
]
`;

exports[`supports prop aliases: {"b":2,"c":3,"d":4} 1`] = `
Array [
  Object {
    "x": 2,
    "y": 2,
    "z": 2,
  },
]
`;

exports[`supports prop aliases: {"c":3,"d":4} 1`] = `
Array [
  Object {
    "x": 3,
    "y": 3,
    "z": 3,
  },
]
`;

exports[`supports prop aliases: {"d":4} 1`] = `null`;

exports[`supports transform functions: [addPc] {"a":"2em"} 1`] = `
Array [
  Object {
    "x": "2em",
    "y": "2em",
    "z": "2em",
  },
]
`;

exports[`supports transform functions: [addPc] {"a":0.5} 1`] = `
Array [
  Object {
    "x": "50%",
    "y": "50%",
    "z": "50%",
  },
]
`;

exports[`supports transform functions: [addPc] {"a":0} 1`] = `
Array [
  Object {
    "x": 0,
    "y": 0,
    "z": 0,
  },
]
`;

exports[`supports transform functions: [addPc] {"a":100} 1`] = `
Array [
  Object {
    "x": 100,
    "y": 100,
    "z": 100,
  },
]
`;

exports[`supports transform functions: [addPx] {"a":"2em"} 1`] = `
Array [
  Object {
    "x": "2em",
    "y": "2em",
    "z": "2em",
  },
]
`;

exports[`supports transform functions: [addPx] {"a":0.5} 1`] = `
Array [
  Object {
    "x": "0.5px",
    "y": "0.5px",
    "z": "0.5px",
  },
]
`;

exports[`supports transform functions: [addPx] {"a":0} 1`] = `
Array [
  Object {
    "x": 0,
    "y": 0,
    "z": 0,
  },
]
`;

exports[`supports transform functions: [addPx] {"a":100} 1`] = `
Array [
  Object {
    "x": "100px",
    "y": "100px",
    "z": "100px",
  },
]
`;

exports[`supports transform functions: [baseline] {"a":"2em"} 1`] = `
Array [
  Object {
    "x": "2em",
    "y": "2em",
    "z": "2em",
  },
]
`;

exports[`supports transform functions: [baseline] {"a":0.5} 1`] = `
Array [
  Object {
    "x": 0.5,
    "y": 0.5,
    "z": 0.5,
  },
]
`;

exports[`supports transform functions: [baseline] {"a":0} 1`] = `
Array [
  Object {
    "x": 0,
    "y": 0,
    "z": 0,
  },
]
`;

exports[`supports transform functions: [baseline] {"a":100} 1`] = `
Array [
  Object {
    "x": 100,
    "y": 100,
    "z": 100,
  },
]
`;
