// Jest Snapshot v1, https://goo.gl/fbAQLP

exports[`alignContent: {
  "alc": "space-between"
} 1`] = `
Array [
  Object {
    "alignContent": "space-between",
  },
]
`;

exports[`alignContent: {
  "alignContent": "space-around"
} 1`] = `
Array [
  Object {
    "alignContent": "space-around",
  },
]
`;

exports[`alignItems: {
  "ali": "center"
} 1`] = `
Array [
  Object {
    "alignItems": "center",
  },
]
`;

exports[`alignItems: {
  "alignItems": "stretch"
} 1`] = `
Array [
  Object {
    "alignItems": "stretch",
  },
]
`;

exports[`alignSelf: {
  "alignSelf": "flex-start"
} 1`] = `
Array [
  Object {
    "alignSelf": "flex-start",
  },
]
`;

exports[`alignSelf: {
  "als": "flex-end"
} 1`] = `
Array [
  Object {
    "alignSelf": "flex-end",
  },
]
`;

exports[`justifyContent: {
  "jfc": "space-between"
} 1`] = `
Array [
  Object {
    "justifyContent": "space-between",
  },
]
`;

exports[`justifyContent: {
  "justifyContent": "space-around"
} 1`] = `
Array [
  Object {
    "justifyContent": "space-around",
  },
]
`;

exports[`justifyItems: {
  "jfi": "center"
} 1`] = `
Array [
  Object {
    "justifyItems": "center",
  },
]
`;

exports[`justifyItems: {
  "justifyItems": "stretch"
} 1`] = `
Array [
  Object {
    "justifyItems": "stretch",
  },
]
`;

exports[`justifySelf: {
  "jfs": "flex-end"
} 1`] = `
Array [
  Object {
    "justifySelf": "flex-end",
  },
]
`;

exports[`justifySelf: {
  "justifySelf": "flex-start"
} 1`] = `
Array [
  Object {
    "justifySelf": "flex-start",
  },
]
`;

exports[`order: {
  "ord": 2
} 1`] = `
Array [
  Object {
    "order": 2,
  },
]
`;

exports[`order: {
  "order": 1
} 1`] = `
Array [
  Object {
    "order": 1,
  },
]
`;
