// Jest Snapshot v1, https://goo.gl/fbAQLP

exports[`animation: {
  "animation": "foo",
  "theme": {
    "animations": {
      "one": "animation-one",
      "two": "animation-two"
    },
    "transitions": {
      "one": "transition-one",
      "two": "transition-two"
    }
  }
} 1`] = `
Array [
  Object {
    "animation": "foo",
  },
]
`;

exports[`animation: {
  "animation": "one",
  "theme": {
    "animations": {
      "one": "animation-one",
      "two": "animation-two"
    },
    "transitions": {
      "one": "transition-one",
      "two": "transition-two"
    }
  }
} 1`] = `
Array [
  Object {
    "animation": "animation-one",
  },
]
`;

exports[`transition: {
  "transition": "bar",
  "theme": {
    "animations": {
      "one": "animation-one",
      "two": "animation-two"
    },
    "transitions": {
      "one": "transition-one",
      "two": "transition-two"
    }
  }
} 1`] = `
Array [
  Object {
    "transition": "bar",
  },
]
`;

exports[`transition: {
  "transition": "two",
  "theme": {
    "animations": {
      "one": "animation-one",
      "two": "animation-two"
    },
    "transitions": {
      "one": "transition-one",
      "two": "transition-two"
    }
  }
} 1`] = `
Array [
  Object {
    "transition": "transition-two",
  },
]
`;
