// Jest Snapshot v1, https://goo.gl/fbAQLP

exports[`border: {
  "bd": "one",
  "theme": {
    "borders": {
      "one": "1px solid gold",
      "two": "2px dashed red"
    },
    "borderStyles": {
      "one": "solid",
      "two": "hidden"
    },
    "borderWidths": {
      "one": 11,
      "two": 22
    },
    "borderRadii": [
      111,
      222
    ]
  }
} 1`] = `
Array [
  Object {
    "border": "1px solid gold",
  },
]
`;

exports[`border: {
  "border": "1px solid red"
} 1`] = `
Array [
  Object {
    "border": "1px solid red",
  },
]
`;

exports[`borderBottom: {
  "bdb": "two",
  "theme": {
    "borders": {
      "one": "1px solid gold",
      "two": "2px dashed red"
    },
    "borderStyles": {
      "one": "solid",
      "two": "hidden"
    },
    "borderWidths": {
      "one": 11,
      "two": 22
    },
    "borderRadii": [
      111,
      222
    ]
  }
} 1`] = `
Array [
  Object {
    "borderBottom": "2px dashed red",
  },
]
`;

exports[`borderBottom: {
  "borderBottom": "4px double orange"
} 1`] = `
Array [
  Object {
    "borderBottom": "4px double orange",
  },
]
`;

exports[`borderLeft: {
  "bdl": "one",
  "theme": {
    "borders": {
      "one": "1px solid gold",
      "two": "2px dashed red"
    },
    "borderStyles": {
      "one": "solid",
      "two": "hidden"
    },
    "borderWidths": {
      "one": 11,
      "two": 22
    },
    "borderRadii": [
      111,
      222
    ]
  }
} 1`] = `
Array [
  Object {
    "borderLeft": "1px solid gold",
  },
]
`;

exports[`borderLeft: {
  "borderLeft": "5px groove purple"
} 1`] = `
Array [
  Object {
    "borderLeft": "5px groove purple",
  },
]
`;

exports[`borderRadius: {
  "borderRadius": 4,
  "theme": {
    "borders": {
      "one": "1px solid gold",
      "two": "2px dashed red"
    },
    "borderStyles": {
      "one": "solid",
      "two": "hidden"
    },
    "borderWidths": {
      "one": 11,
      "two": 22
    },
    "borderRadii": [
      111,
      222
    ]
  }
} 1`] = `
Array [
  Object {
    "borderRadius": "4px",
  },
]
`;

exports[`borderRadius: {
  "borderRadius": 10,
  "theme": {
    "borders": {
      "one": "1px solid gold",
      "two": "2px dashed red"
    },
    "borderStyles": {
      "one": "solid",
      "two": "hidden"
    },
    "borderWidths": {
      "one": 11,
      "two": 22
    },
    "borderRadii": [
      111,
      222
    ]
  }
} 1`] = `
Array [
  Object {
    "borderRadius": "10px",
  },
]
`;

exports[`borderRadius: {
  "rad": 0,
  "theme": {
    "borders": {
      "one": "1px solid gold",
      "two": "2px dashed red"
    },
    "borderStyles": {
      "one": "solid",
      "two": "hidden"
    },
    "borderWidths": {
      "one": 11,
      "two": 22
    },
    "borderRadii": [
      111,
      222
    ]
  }
} 1`] = `
Array [
  Object {
    "borderRadius": "111px",
  },
]
`;

exports[`borderRadius: {
  "rad": 0.5,
  "theme": {
    "borders": {
      "one": "1px solid gold",
      "two": "2px dashed red"
    },
    "borderStyles": {
      "one": "solid",
      "two": "hidden"
    },
    "borderWidths": {
      "one": 11,
      "two": 22
    },
    "borderRadii": [
      111,
      222
    ]
  }
} 1`] = `
Array [
  Object {
    "borderRadius": "50%",
  },
]
`;

exports[`borderRadius: {
  "rad": 1,
  "theme": {
    "borders": {
      "one": "1px solid gold",
      "two": "2px dashed red"
    },
    "borderStyles": {
      "one": "solid",
      "two": "hidden"
    },
    "borderWidths": {
      "one": 11,
      "two": 22
    },
    "borderRadii": [
      111,
      222
    ]
  }
} 1`] = `
Array [
  Object {
    "borderRadius": "222px",
  },
]
`;

exports[`borderRight: {
  "bdr": "one",
  "theme": {
    "borders": {
      "one": "1px solid gold",
      "two": "2px dashed red"
    },
    "borderStyles": {
      "one": "solid",
      "two": "hidden"
    },
    "borderWidths": {
      "one": 11,
      "two": 22
    },
    "borderRadii": [
      111,
      222
    ]
  }
} 1`] = `
Array [
  Object {
    "borderRight": "1px solid gold",
  },
]
`;

exports[`borderRight: {
  "borderRight": "3px dotted blue"
} 1`] = `
Array [
  Object {
    "borderRight": "3px dotted blue",
  },
]
`;

exports[`borderSet: {
  "theme": {
    "borders": {
      "one": "1px solid gold",
      "two": "2px dashed red"
    },
    "borderStyles": {
      "one": "solid",
      "two": "hidden"
    },
    "borderWidths": {
      "one": 11,
      "two": 22
    },
    "borderRadii": [
      111,
      222
    ]
  },
  "bd": "one",
  "bdt": "two",
  "bdr": 1,
  "bdb": 10,
  "bdl": "1px dotted lime",
  "bdc": "#0FF",
  "bds": "inset",
  "bdw": "two",
  "rad": 0
} 1`] = `
Array [
  Object {
    "border": "1px solid gold",
  },
  Object {
    "borderTop": "2px dashed red",
  },
  Object {
    "borderRight": "1px",
  },
  Object {
    "borderBottom": "10px",
  },
  Object {
    "borderLeft": "1px dotted lime",
  },
  Object {
    "borderColor": "#0FF",
  },
  Object {
    "borderStyle": "inset",
  },
  Object {
    "borderWidth": "22px",
  },
  Object {
    "borderRadius": "111px",
  },
]
`;

exports[`borderSet: {
  "theme": {
    "borders": {
      "one": "1px solid gold",
      "two": "2px dashed red"
    },
    "borderStyles": {
      "one": "solid",
      "two": "hidden"
    },
    "borderWidths": {
      "one": 11,
      "two": 22
    },
    "borderRadii": [
      111,
      222
    ]
  },
  "border": "1px solid red",
  "borderTop": "dashed",
  "borderRight": "5px blue",
  "borderBottom": "one",
  "borderLeft": "two",
  "borderColor": "gray.2",
  "borderStyle": "two",
  "borderWidth": 2,
  "borderRadius": 0.25
} 1`] = `
Array [
  Object {
    "border": "1px solid red",
  },
  Object {
    "borderTop": "dashed",
  },
  Object {
    "borderRight": "5px blue",
  },
  Object {
    "borderBottom": "1px solid gold",
  },
  Object {
    "borderLeft": "2px dashed red",
  },
  Object {
    "borderColor": "#666",
  },
  Object {
    "borderStyle": "hidden",
  },
  Object {
    "borderWidth": "2px",
  },
  Object {
    "borderRadius": "25%",
  },
]
`;

exports[`borderStyle: {
  "bds": "two",
  "theme": {
    "borders": {
      "one": "1px solid gold",
      "two": "2px dashed red"
    },
    "borderStyles": {
      "one": "solid",
      "two": "hidden"
    },
    "borderWidths": {
      "one": 11,
      "two": 22
    },
    "borderRadii": [
      111,
      222
    ]
  }
} 1`] = `
Array [
  Object {
    "borderStyle": "hidden",
  },
]
`;

exports[`borderStyle: {
  "borderStyle": "dotted"
} 1`] = `
Array [
  Object {
    "borderStyle": "dotted",
  },
]
`;

exports[`borderTop: {
  "bdt": "two",
  "theme": {
    "borders": {
      "one": "1px solid gold",
      "two": "2px dashed red"
    },
    "borderStyles": {
      "one": "solid",
      "two": "hidden"
    },
    "borderWidths": {
      "one": 11,
      "two": 22
    },
    "borderRadii": [
      111,
      222
    ]
  }
} 1`] = `
Array [
  Object {
    "borderTop": "2px dashed red",
  },
]
`;

exports[`borderTop: {
  "borderTop": "2px dashed green"
} 1`] = `
Array [
  Object {
    "borderTop": "2px dashed green",
  },
]
`;

exports[`borderWidth: {
  "bdw": "two",
  "theme": {
    "borders": {
      "one": "1px solid gold",
      "two": "2px dashed red"
    },
    "borderStyles": {
      "one": "solid",
      "two": "hidden"
    },
    "borderWidths": {
      "one": 11,
      "two": 22
    },
    "borderRadii": [
      111,
      222
    ]
  }
} 1`] = `
Array [
  Object {
    "borderWidth": "22px",
  },
]
`;

exports[`borderWidth: {
  "borderWidth": "5%"
} 1`] = `
Array [
  Object {
    "borderWidth": "5%",
  },
]
`;
