// Jest Snapshot v1, https://goo.gl/fbAQLP

exports[`display: {
  "d": "inline-block"
} 1`] = `
Array [
  Object {
    "display": "inline-block",
  },
]
`;

exports[`display: {
  "display": "block"
} 1`] = `
Array [
  Object {
    "display": "block",
  },
]
`;

exports[`displaySet: {
  "d": "flex",
  "o": 0.5,
  "of": "visible",
  "ofx": "auto",
  "ofy": "clip",
  "vis": "revert"
} 1`] = `
Array [
  Object {
    "display": "flex",
  },
  Object {
    "opacity": 0.5,
  },
  Object {
    "overflow": "visible",
  },
  Object {
    "overflowX": "auto",
  },
  Object {
    "overflowY": "clip",
  },
  Object {
    "visibility": "revert",
  },
]
`;

exports[`displaySet: {
  "display": "block",
  "opacity": 0.8,
  "overflow": "hidden",
  "overflowX": "visible",
  "overflowY": "scroll",
  "visibility": "hidden"
} 1`] = `
Array [
  Object {
    "display": "block",
  },
  Object {
    "opacity": 0.8,
  },
  Object {
    "overflow": "hidden",
  },
  Object {
    "overflowX": "visible",
  },
  Object {
    "overflowY": "scroll",
  },
  Object {
    "visibility": "hidden",
  },
]
`;

exports[`opacity: {
  "o": "two",
  "theme": {
    "opacities": {
      "one": 0.2,
      "two": 0.4
    }
  }
} 1`] = `
Array [
  Object {
    "opacity": 0.4,
  },
]
`;

exports[`opacity: {
  "o": 1
} 1`] = `
Array [
  Object {
    "opacity": 1,
  },
]
`;

exports[`opacity: {
  "opacity": 0.5
} 1`] = `
Array [
  Object {
    "opacity": 0.5,
  },
]
`;

exports[`overflow: {
  "of": "scroll auto"
} 1`] = `
Array [
  Object {
    "overflow": "scroll auto",
  },
]
`;

exports[`overflow: {
  "overflow": "hidden"
} 1`] = `
Array [
  Object {
    "overflow": "hidden",
  },
]
`;

exports[`overflowSet: {
  "of": "visible",
  "ofx": "auto",
  "ofy": "clip"
} 1`] = `
Array [
  Object {
    "overflow": "visible",
  },
  Object {
    "overflowX": "auto",
  },
  Object {
    "overflowY": "clip",
  },
]
`;

exports[`overflowSet: {
  "overflow": "hidden",
  "overflowX": "visible",
  "overflowY": "scroll"
} 1`] = `
Array [
  Object {
    "overflow": "hidden",
  },
  Object {
    "overflowX": "visible",
  },
  Object {
    "overflowY": "scroll",
  },
]
`;

exports[`overflowX: {
  "ofx": "clip"
} 1`] = `
Array [
  Object {
    "overflowX": "clip",
  },
]
`;

exports[`overflowX: {
  "overflowX": "visible"
} 1`] = `
Array [
  Object {
    "overflowX": "visible",
  },
]
`;

exports[`overflowY: {
  "ofy": "initial"
} 1`] = `
Array [
  Object {
    "overflowY": "initial",
  },
]
`;

exports[`overflowY: {
  "overflowY": "hidden"
} 1`] = `
Array [
  Object {
    "overflowY": "hidden",
  },
]
`;

exports[`visibility: {
  "vis": "visible"
} 1`] = `
Array [
  Object {
    "visibility": "visible",
  },
]
`;

exports[`visibility: {
  "visibility": "hidden"
} 1`] = `
Array [
  Object {
    "visibility": "hidden",
  },
]
`;
