// Jest Snapshot v1, https://goo.gl/fbAQLP

exports[`flex: {
  "flex": "0 0 auto"
} 1`] = `
Array [
  Object {
    "flex": "0 0 auto",
  },
]
`;

exports[`flex: {
  "fx": "1 1 auto"
} 1`] = `
Array [
  Object {
    "flex": "1 1 auto",
  },
]
`;

exports[`flexBasis: {
  "flexBasis": "available"
} 1`] = `
Array [
  Object {
    "flexBasis": "available",
  },
]
`;

exports[`flexBasis: {
  "fxb": "content"
} 1`] = `
Array [
  Object {
    "flexBasis": "content",
  },
]
`;

exports[`flexChildSet: {
  "alignSelf": "flex-start",
  "justifySelf": "flex-end",
  "order": 3,
  "flex": "1 0 auto",
  "flexBasis": "fit-content",
  "flexGrow": 0,
  "flexShrink": 1
} 1`] = `
Array [
  Object {
    "alignSelf": "flex-start",
  },
  Object {
    "justifySelf": "flex-end",
  },
  Object {
    "order": 3,
  },
  Object {
    "flex": "1 0 auto",
  },
  Object {
    "flexBasis": "fit-content",
  },
  Object {
    "flexGrow": 0,
  },
  Object {
    "flexShrink": 1,
  },
]
`;

exports[`flexChildSet: {
  "als": "center",
  "jfs": "baseline",
  "ord": 5,
  "fx": "0 1 min-content",
  "fxb": "available",
  "fxg": 1,
  "fxs": 0
} 1`] = `
Array [
  Object {
    "alignSelf": "center",
  },
  Object {
    "justifySelf": "baseline",
  },
  Object {
    "order": 5,
  },
  Object {
    "flex": "0 1 min-content",
  },
  Object {
    "flexBasis": "available",
  },
  Object {
    "flexGrow": 1,
  },
  Object {
    "flexShrink": 0,
  },
]
`;

exports[`flexDirection: {
  "flexDirection": "row"
} 1`] = `
Array [
  Object {
    "flexDirection": "row",
  },
]
`;

exports[`flexDirection: {
  "fxd": "column-reverse"
} 1`] = `
Array [
  Object {
    "flexDirection": "column-reverse",
  },
]
`;

exports[`flexFlow: {
  "flexFlow": "column"
} 1`] = `
Array [
  Object {
    "flexFlow": "column",
  },
]
`;

exports[`flexFlow: {
  "fxf": "nowrap"
} 1`] = `
Array [
  Object {
    "flexFlow": "nowrap",
  },
]
`;

exports[`flexGrow: {
  "flexGrow": 0
} 1`] = `
Array [
  Object {
    "flexGrow": 0,
  },
]
`;

exports[`flexGrow: {
  "fxg": 1
} 1`] = `
Array [
  Object {
    "flexGrow": 1,
  },
]
`;

exports[`flexParentSet: {
  "d": "inline-flex",
  "ali": "start",
  "alc": "flex-start",
  "jfi": "center",
  "jfc": "space-around",
  "fxf": "column wrap",
  "fxd": "row",
  "fxw": "nowrap"
} 1`] = `
Array [
  Object {
    "display": "inline-flex",
  },
  Object {
    "alignItems": "start",
  },
  Object {
    "alignContent": "flex-start",
  },
  Object {
    "justifyItems": "center",
  },
  Object {
    "justifyContent": "space-around",
  },
  Object {
    "flexFlow": "column wrap",
  },
  Object {
    "flexDirection": "row",
  },
  Object {
    "flexWrap": "nowrap",
  },
]
`;

exports[`flexParentSet: {
  "display": "flex",
  "alignItems": "center",
  "alignContent": "flex-end",
  "justifyItems": "stretch",
  "justifyContent": "space-evenly",
  "flexFlow": "row nowrap",
  "flexDirection": "column",
  "flexWrap": "wrap"
} 1`] = `
Array [
  Object {
    "display": "flex",
  },
  Object {
    "alignItems": "center",
  },
  Object {
    "alignContent": "flex-end",
  },
  Object {
    "justifyItems": "stretch",
  },
  Object {
    "justifyContent": "space-evenly",
  },
  Object {
    "flexFlow": "row nowrap",
  },
  Object {
    "flexDirection": "column",
  },
  Object {
    "flexWrap": "wrap",
  },
]
`;

exports[`flexSet: {
  "d": "inline-flex",
  "ali": "start",
  "alc": "flex-start",
  "jfi": "center",
  "jfc": "space-around",
  "fxf": "column wrap",
  "fxd": "row",
  "fxw": "nowrap",
  "als": "center",
  "jfs": "baseline",
  "ord": 5,
  "fx": "0 1 min-content",
  "fxb": "available",
  "fxg": 1,
  "fxs": 0
} 1`] = `
Array [
  Object {
    "display": "inline-flex",
  },
  Object {
    "alignItems": "start",
  },
  Object {
    "alignContent": "flex-start",
  },
  Object {
    "justifyItems": "center",
  },
  Object {
    "justifyContent": "space-around",
  },
  Object {
    "flexFlow": "column wrap",
  },
  Object {
    "flexDirection": "row",
  },
  Object {
    "flexWrap": "nowrap",
  },
  Object {
    "alignSelf": "center",
  },
  Object {
    "justifySelf": "baseline",
  },
  Object {
    "order": 5,
  },
  Object {
    "flex": "0 1 min-content",
  },
  Object {
    "flexBasis": "available",
  },
  Object {
    "flexGrow": 1,
  },
  Object {
    "flexShrink": 0,
  },
]
`;

exports[`flexSet: {
  "display": "flex",
  "alignItems": "center",
  "alignContent": "flex-end",
  "justifyItems": "stretch",
  "justifyContent": "space-evenly",
  "flexFlow": "row nowrap",
  "flexDirection": "column",
  "flexWrap": "wrap",
  "alignSelf": "flex-start",
  "justifySelf": "flex-end",
  "order": 3,
  "flex": "1 0 auto",
  "flexBasis": "fit-content",
  "flexGrow": 0,
  "flexShrink": 1
} 1`] = `
Array [
  Object {
    "display": "flex",
  },
  Object {
    "alignItems": "center",
  },
  Object {
    "alignContent": "flex-end",
  },
  Object {
    "justifyItems": "stretch",
  },
  Object {
    "justifyContent": "space-evenly",
  },
  Object {
    "flexFlow": "row nowrap",
  },
  Object {
    "flexDirection": "column",
  },
  Object {
    "flexWrap": "wrap",
  },
  Object {
    "alignSelf": "flex-start",
  },
  Object {
    "justifySelf": "flex-end",
  },
  Object {
    "order": 3,
  },
  Object {
    "flex": "1 0 auto",
  },
  Object {
    "flexBasis": "fit-content",
  },
  Object {
    "flexGrow": 0,
  },
  Object {
    "flexShrink": 1,
  },
]
`;

exports[`flexShrink: {
  "flexShrink": 0
} 1`] = `
Array [
  Object {
    "flexShrink": 0,
  },
]
`;

exports[`flexShrink: {
  "fxs": 1
} 1`] = `
Array [
  Object {
    "flexShrink": 1,
  },
]
`;

exports[`flexWrap: {
  "flexWrap": "nowrap"
} 1`] = `
Array [
  Object {
    "flexWrap": "nowrap",
  },
]
`;

exports[`flexWrap: {
  "fxw": "wrap"
} 1`] = `
Array [
  Object {
    "flexWrap": "wrap",
  },
]
`;
