// Jest Snapshot v1, https://goo.gl/fbAQLP

exports[`boxShadow: {
  "boxShadow": "0 1px 2px black"
} 1`] = `
Array [
  Object {
    "boxShadow": "0 1px 2px black",
  },
]
`;

exports[`boxShadow: {
  "bsh": "0 0 0 red"
} 1`] = `
Array [
  Object {
    "boxShadow": "0 0 0 red",
  },
]
`;

exports[`boxShadow: {
  "bsh": "one",
  "theme": {
    "boxShadows": {
      "one": "box-shadow-one",
      "two": "box-shadow-two"
    },
    "textShadows": {
      "one": "text-shadow-one",
      "two": "text-shadow-two"
    }
  }
} 1`] = `
Array [
  Object {
    "boxShadow": "box-shadow-one",
  },
]
`;

exports[`textShadow: {
  "textShadow": "0 1px 2px black"
} 1`] = `
Array [
  Object {
    "textShadow": "0 1px 2px black",
  },
]
`;

exports[`textShadow: {
  "tsh": "0 0 0 red"
} 1`] = `
Array [
  Object {
    "textShadow": "0 0 0 red",
  },
]
`;

exports[`textShadow: {
  "tsh": "two",
  "theme": {
    "boxShadows": {
      "one": "box-shadow-one",
      "two": "box-shadow-two"
    },
    "textShadows": {
      "one": "text-shadow-one",
      "two": "text-shadow-two"
    }
  }
} 1`] = `
Array [
  Object {
    "textShadow": "text-shadow-two",
  },
]
`;
