// Jest Snapshot v1, https://goo.gl/fbAQLP

exports[`background: {
  "background": "red"
} 1`] = `
Array [
  Object {
    "background": "red",
  },
]
`;

exports[`background: {
  "bg": "g",
  "theme": {
    "colors": {
      "r": "#F00",
      "g": "#0F0",
      "b": "#00F"
    }
  }
} 1`] = `
Array [
  Object {
    "background": "#0F0",
  },
]
`;

exports[`background: {
  "bg": "link"
} 1`] = `
Array [
  Object {
    "background": "#00F",
  },
]
`;

exports[`backgroundColor: {
  "backgroundColor": "red"
} 1`] = `
Array [
  Object {
    "backgroundColor": "red",
  },
]
`;

exports[`backgroundColor: {
  "bgc": "bg"
} 1`] = `
Array [
  Object {
    "backgroundColor": "#FFF",
  },
]
`;

exports[`backgroundColor: {
  "bgc": "r",
  "theme": {
    "colors": {
      "r": "#F00",
      "g": "#0F0",
      "b": "#00F"
    }
  }
} 1`] = `
Array [
  Object {
    "backgroundColor": "#F00",
  },
]
`;

exports[`borderColor: {
  "bdc": "b",
  "theme": {
    "colors": {
      "r": "#F00",
      "g": "#0F0",
      "b": "#00F"
    }
  }
} 1`] = `
Array [
  Object {
    "borderColor": "#00F",
  },
]
`;

exports[`borderColor: {
  "bdc": "blue"
} 1`] = `
Array [
  Object {
    "borderColor": "blue",
  },
]
`;

exports[`borderColor: {
  "borderColor": "gray.1"
} 1`] = `
Array [
  Object {
    "borderColor": "#AAA",
  },
]
`;

exports[`color: {
  "color": "rgba(255,0,0,0.5)"
} 1`] = `
Array [
  Object {
    "color": "rgba(255,0,0,0.5)",
  },
]
`;

exports[`color: {
  "tc": "r",
  "theme": {
    "colors": {
      "r": "#F00",
      "g": "#0F0",
      "b": "#00F"
    }
  }
} 1`] = `
Array [
  Object {
    "color": "#F00",
  },
]
`;

exports[`color: {
  "tc": "text"
} 1`] = `
Array [
  Object {
    "color": "#222",
  },
]
`;

exports[`colorSet: {
  "background": "gray.0",
  "backgroundColor": "bg",
  "borderColor": "lime",
  "color": "blue"
} 1`] = `
Array [
  Object {
    "background": "#EEE",
  },
  Object {
    "backgroundColor": "#FFF",
  },
  Object {
    "borderColor": "lime",
  },
  Object {
    "color": "blue",
  },
]
`;

exports[`colorSet: {
  "bg": "purple",
  "bgc": "r",
  "bdc": "g",
  "tc": "b",
  "theme": {
    "colors": {
      "r": "#F00",
      "g": "#0F0",
      "b": "#00F"
    }
  }
} 1`] = `
Array [
  Object {
    "background": "purple",
  },
  Object {
    "backgroundColor": "#F00",
  },
  Object {
    "borderColor": "#0F0",
  },
  Object {
    "color": "#00F",
  },
]
`;
